Microchip MPLAB XC8 Compiler V2.10 ()

Linker command line:

--edf=D:\xc8\v2.10\pic\dat\en_msgs.txt -cs \
  -h+dist/default/production\TESTT1.X.production.sym \
  --cmf=dist/default/production\TESTT1.X.production.cmf -z -Q16C56 \
  -oC:\Users\SZY\AppData\Local\Temp\s5qg.2 \
  -Mdist/default/production/TESTT1.X.production.map -E1 -ver=XC8 \
  -ASTACK=0Dh-01Bh -pstack=STACK -ACODE=00h-01FFh,0200h-03FEh \
  -ASTRCODE=00h-03FEh -ASTRING=00h-0FFh,0200h-02FFh \
  -AENTRY=00h-0FFh-01FFh,0200h-02FFh-03FEh -ABANK0=07h-01Dh -ARAM=07h-01Dh \
  -AABS1=07h-01Fh -ACOMMON=01Ch-01Fh -ASFR0=00h-06h \
  -preset_vec=03ffh,reset_wrap=0h,init,end_init,cinit,clrtext \
  -ppowerup=CODE -pfunctab=ENTRY -ACONFIG=0FFFh-0FFFh -pconfig=CONFIG \
  -DCONFIG=2 -AIDLOC=0400h-0403h -pidloc=IDLOC -DIDLOC=2 -pstrings=-STRING \
  -DCODE=2 -DSTRCODE=2 -DSTRING=2 -DCONST=2 -DENTRY=2 -k \
  C:\Users\SZY\AppData\Local\Temp\s5qg.obj \
  dist/default/production\TESTT1.X.production.obj 

Object code version is 3.11

Machine type is 16C56



                Name                               Link     Load   Length Selector   Space Scale
C:\Users\SZY\AppData\Local\Temp\s5qg.obj
                end_init                              2        2        2        0       0
                reset_wrap                            0        0        2        0       0
                reset_vec                           3FF      3FF        1      7FE       0
dist/default/production\TESTT1.X.production.obj
                cinit                                 4        4        3        0       0
                jmp_tab                               7        7        2        0       0
                text1                               1CC      1CC       34      398       0
                maintext                            1AF      1AF       1D      35E       0
                cstackBANK0                           7        7        6        7       1

TOTAL           Name                               Link     Load   Length     Space
        CLASS   STACK          

        CLASS   CODE           
                reset_vec                           3FF      3FF        1         0
                text1                               1CC      1CC       34         0
                maintext                            1AF      1AF       1D         0

        CLASS   STRCODE        

        CLASS   STRING         

        CLASS   ENTRY          
                end_init                              2        2        2         0
                cinit                                 4        4        3         0
                reset_wrap                            0        0        2         0
                jmp_tab                               7        7        2         0

        CLASS   BANK0          
                cstackBANK0                           7        7        6         1

        CLASS   RAM            

        CLASS   ABS1           
                abs_s1                               1C       1C        4         1

        CLASS   COMMON         

        CLASS   SFR0           

        CLASS   CONFIG         

        CLASS   IDLOC          

        CLASS   CONST          



SEGMENTS        Name                           Load    Length   Top    Selector   Space  Class     Delta

                reset_wrap                     000000  000009  000009         0       0  ENTRY       2
                cstackBANK0                    000007  000006  00000D         7       1  BANK0       1
                maintext                       0001AF  00001D  0001CC       35E       0  CODE        2
                text1                          0001CC  000034  000200       398       0  CODE        2
                reset_vec                      0003FF  000001  000400       7FE       0  CODE        2


UNUSED ADDRESS RANGES

        Name                Unused          Largest block    Delta
        BANK0            00D-01B             F           1
        CODE             009-1AE           1A6           2
                         200-3FE           1FF
        CONFIG           FFF-FFF             1           2
        ENTRY            009-0FF+0AF         F7           2
                         200-2FF+0FF        100
        IDLOC            400-403             4           2
        RAM              00D-01B             F           1
        SFR0             000-006             7           1
        STACK            00D-01B             F           1
        STRCODE          009-1AE           1A6           2
                         200-3FE           1FF
        STRING           009-0FF            F7           2
                         200-2FF           100

                                  Symbol Table

_OPTION                  (abs)        000
_PORTA                   (abs)        005
_TRISA                   (abs)        005
__Habs1                  abs1         000
__Hbank0                 bank0        000
__Hcinit                 cinit        007
__Hclrtext               clrtext      007
__Hcode                  code         000
__Hcommon                common       000
__Hconfig                config       000
__HcstackBANK0           cstackBANK0  000
__HcstackCOMMON          cstackCOMMON 000
__Hend_init              end_init     004
__Hfunctab               functab      000
__Hidloc                 idloc        000
__Hinit                  init         002
__Hjmp_tab               jmp_tab      000
__Hmaintext              maintext     000
__Hpowerup               powerup      000
__Hram                   ram          000
__Hreset_vec             reset_vec    400
__Hreset_wrap            reset_wrap   002
__Hsfr0                  sfr0         000
__Hspace_0               (abs)        400
__Hspace_1               (abs)        00D
__Hspace_2               (abs)        000
__Hstack                 stack        000
__Hstrings               strings      000
__Htext                  text         000
__Labs1                  abs1         000
__Lbank0                 bank0        000
__Lcinit                 cinit        004
__Lclrtext               clrtext      007
__Lcode                  code         000
__Lcommon                common       000
__Lconfig                config       000
__LcstackBANK0           cstackBANK0  000
__LcstackCOMMON          cstackCOMMON 000
__Lend_init              end_init     002
__Lfunctab               functab      000
__Lidloc                 idloc        000
__Linit                  init         002
__Ljmp_tab               jmp_tab      000
__Lmaintext              maintext     000
__Lpowerup               powerup      000
__Lram                   ram          000
__Lreset_vec             reset_vec    3FF
__Lreset_wrap            reset_wrap   000
__Lsfr0                  sfr0         000
__Lspace_0               (abs)        000
__Lspace_1               (abs)        000
__Lspace_2               (abs)        000
__Lstack                 stack        000
__Lstrings               strings      000
__Ltext                  text         000
__S0                     (abs)        200
__S1                     (abs)        00D
__S2                     (abs)        000
___int_sp                stack        000
___latbits               (abs)        001
___sp                    stack        000
___stackhi               (abs)        000
___stacklo               (abs)        000
__end_of__initialization cinit        004
__end_of_delay           text1        200
__end_of_main            maintext     1CC
__initialization         cinit        004
__pcstackBANK0           cstackBANK0  007
__pcstackCOMMON          cstackCOMMON 000
__pjmp_tab               jmp_tab      007
__pmaintext              maintext     1AF
__ptext1                 text1        1CC
__size_of_delay          (abs)        000
__size_of_main           (abs)        000
_delay                   text1        1CC
_main                    maintext     1AF
btemp                    (abs)        01C
delay@a                  cstackBANK0  007
delay@b                  cstackBANK0  009
delay@c                  cstackBANK0  00B
end_of_initialization    cinit        004
entry__delay             jmp_tab      007
ltemp0                   (abs)        01C
reset_vec                reset_vec    3FF
start                    init         002
start_initialization     cinit        004
ttemp0                   (abs)        01C
wtemp0                   (abs)        01C
wtemp1                   (abs)        01E


FUNCTION INFORMATION:

 *************** function _main *****************
 Defined at:
		line 13 in file "main.c"
 Parameters:    Size  Location     Type
		None
 Auto vars:     Size  Location     Type
		None
 Return value:  Size  Location     Type
                  1   19[None  ] void 
 Registers used:
		wreg, fsr0l, fsr0h, status,2, status,0, btemp+0, btemp+1, pclath, cstack
 Tracked objects:
		On entry : 
		On exit  : 
		Unchanged: 
 Data sizes:     COMMON   BANK0
      Params:         0       0
      Locals:         0       0
      Temps:          0       0
      Totals:         0       0
Total ram usage:        0 bytes
 Hardware stack levels required when called:    1
 This function calls:
		_delay
 This function is called by:
		Startup code after reset
 This function uses a non-reentrant model


 *************** function _delay *****************
 Defined at:
		line 5 in file "main.c"
 Parameters:    Size  Location     Type
		None
 Auto vars:     Size  Location     Type
  c               2    4[BANK0 ] unsigned int 
  b               2    2[BANK0 ] unsigned int 
  a               2    0[BANK0 ] unsigned int 
 Return value:  Size  Location     Type
                  1    8[None  ] void 
 Registers used:
		wreg, fsr0l, fsr0h, status,2, status,0, btemp+0, btemp+1
 Tracked objects:
		On entry : 
		On exit  : 
		Unchanged: 
 Data sizes:     COMMON   BANK0
      Params:         0       0
      Locals:         0       6
      Temps:          0       0
      Totals:         0       6
Total ram usage:        6 bytes
 Hardware stack levels used:    1
 This function calls:
		Nothing
 This function is called by:
		_main
 This function uses a non-reentrant model



MODULE INFORMATION

Module		Function		Class		Link	Load	Size
shared
		__initialization		ENTRY          	0004	0000	1

shared estimated size: 1

main.c
		_delay         		CODE           	01CC	0000	53
		_main          		CODE           	01AF	0000	30

main.c estimated size: 83

